// Jest Snapshot v1, https://goo.gl/fbAQLP

exports[`Account Screen renderer correctly 1`] = `
<View>
  <View
    style={
      Object {
        "marginBottom": 84,
      }
    }
  >
    <View
      style={
        Array [
          Object {
            "backgroundColor": "#fff",
            "borderBottomColor": "#f2f2f2",
            "borderBottomWidth": 1,
            "height": 70,
            "left": 0,
            "padding": 15,
            "position": "absolute",
            "right": 0,
            "top": 0,
          },
          Object {
            "backgroundColor": "#2F1F37",
          },
          undefined,
        ]
      }
    >
      <View
        style={
          Array [
            Object {
              "alignItems": "flex-end",
              "flex": 1,
              "flexDirection": "row",
              "justifyContent": "space-between",
            },
            undefined,
          ]
        }
      >
        <View>
          <View
            accessibilityComponentType={undefined}
            accessibilityLabel={undefined}
            accessibilityTraits={undefined}
            accessible={true}
            hitSlop={undefined}
            isTVSelectable={true}
            nativeID={undefined}
            onLayout={undefined}
            onResponderGrant={[Function]}
            onResponderMove={[Function]}
            onResponderRelease={[Function]}
            onResponderTerminate={[Function]}
            onResponderTerminationRequest={[Function]}
            onStartShouldSetResponder={[Function]}
            style={
              Object {
                "marginLeft": 9,
                "marginTop": 7,
                "opacity": 1,
              }
            }
            testID={undefined}
            tvParallaxProperties={undefined}
          >
            <View
              onPress={undefined}
              style={
                Array [
                  false,
                  false,
                  false,
                  Object {
                    "alignItems": "center",
                    "backgroundColor": "transparent",
                    "justifyContent": "center",
                  },
                  undefined,
                ]
              }
              underlayColor="white"
            >
              <Text
                accessible={true}
                allowFontScaling={false}
                disabled={false}
                ellipsizeMode="tail"
                style={
                  Array [
                    Object {
                      "color": "white",
                      "fontSize": 28,
                    },
                    Array [
                      Object {
                        "backgroundColor": "transparent",
                      },
                      undefined,
                    ],
                    Object {
                      "fontFamily": "Material Icons",
                      "fontStyle": "normal",
                      "fontWeight": "normal",
                    },
                  ]
                }
              >
                î—’
              </Text>
            </View>
          </View>
        </View>
        <Text
          accessible={true}
          allowFontScaling={true}
          disabled={false}
          ellipsizeMode="tail"
          numberOfLines={1}
          style={
            Array [
              Object {},
              undefined,
              undefined,
              undefined,
              undefined,
              undefined,
              undefined,
              undefined,
              undefined,
              undefined,
              Object {
                "color": "#fff",
              },
            ]
          }
        >
          Account
        </Text>
        <View
          style={
            Object {
              "height": 24,
              "width": 24,
            }
          }
        />
      </View>
    </View>
  </View>
  <RCTScrollView
    contentContainerStyle={
      Array [
        Object {
          "flexGrow": 1,
        },
      ]
    }
  >
    <View>
      <View
        style={
          Object {
            "flex": 1,
            "justifyContent": "center",
            "paddingBottom": 84,
          }
        }
      >
        <View
          style={
            Array [
              Object {
                "backgroundColor": "#F7F7F7",
                "borderRadius": 4,
                "flex": 1,
                "marginLeft": 10,
                "marginRight": 10,
              },
            ]
          }
        >
          <View
            style={
              Array [
                Object {
                  "backgroundColor": "transparent",
                  "marginLeft": 15,
                  "marginRight": 15,
                },
                undefined,
                undefined,
              ]
            }
          >
            <View
              accessibilityComponentType={undefined}
              accessibilityLabel={undefined}
              accessibilityTraits={undefined}
              accessible={true}
              hasTVPreferredFocus={undefined}
              hitSlop={undefined}
              isTVSelectable={true}
              nativeID={undefined}
              onLayout={undefined}
              onResponderGrant={[Function]}
              onResponderMove={[Function]}
              onResponderRelease={[Function]}
              onResponderTerminate={[Function]}
              onResponderTerminationRequest={[Function]}
              onStartShouldSetResponder={[Function]}
              style={
                Array [
                  Object {
                    "backgroundColor": "transparent",
                  },
                  undefined,
                ]
              }
              testID={undefined}
              tvParallaxProperties={undefined}
            >
              <View
                style={
                  Array [
                    Object {
                      "alignItems": "center",
                      "backgroundColor": "#9E9E9E",
                      "flexDirection": "row",
                      "justifyContent": "center",
                      "padding": 19,
                    },
                    undefined,
                    undefined,
                    undefined,
                    undefined,
                    undefined,
                    Object {
                      "backgroundColor": "#86b200",
                    },
                    undefined,
                    Object {
                      "padding": 12,
                    },
                    undefined,
                    undefined,
                    undefined,
                    undefined,
                    undefined,
                    undefined,
                  ]
                }
              >
                <Text
                  accessible={true}
                  allowFontScaling={true}
                  disabled={false}
                  ellipsizeMode="tail"
                  style={
                    Array [
                      Object {},
                      undefined,
                      undefined,
                      undefined,
                      undefined,
                      undefined,
                      undefined,
                      undefined,
                      undefined,
                      undefined,
                      Array [
                        Object {
                          "color": "white",
                          "fontSize": 20,
                        },
                        undefined,
                        Object {
                          "fontSize": 17.5,
                        },
                        undefined,
                        undefined,
                        Object {
                          "fontWeight": "bold",
                        },
                        undefined,
                      ],
                    ]
                  }
                >
                  Log Out
                </Text>
              </View>
            </View>
          </View>
        </View>
      </View>
    </View>
  </RCTScrollView>
</View>
`;
