// Jest Snapshot v1, https://goo.gl/fbAQLP

exports[`BackHeader component renders correctly 1`] = `
<View
  style={
    Array [
      Object {
        "backgroundColor": "#fff",
        "borderBottomColor": "#f2f2f2",
        "borderBottomWidth": 1,
        "height": 70,
        "left": 0,
        "padding": 15,
        "position": "absolute",
        "right": 0,
        "top": 0,
      },
      Object {
        "backgroundColor": "#2F1F37",
      },
      undefined,
    ]
  }
>
  <View
    style={
      Array [
        Object {
          "alignItems": "flex-end",
          "flex": 1,
          "flexDirection": "row",
          "justifyContent": "space-between",
        },
        undefined,
      ]
    }
  >
    <View>
      <View
        accessibilityComponentType={undefined}
        accessibilityLabel={undefined}
        accessibilityTraits={undefined}
        accessible={true}
        hasTVPreferredFocus={undefined}
        hitSlop={undefined}
        isTVSelectable={true}
        nativeID={undefined}
        onLayout={undefined}
        onResponderGrant={[Function]}
        onResponderMove={[Function]}
        onResponderRelease={[Function]}
        onResponderTerminate={[Function]}
        onResponderTerminationRequest={[Function]}
        onStartShouldSetResponder={[Function]}
        style={
          Array [
            Object {
              "backgroundColor": "transparent",
            },
            Array [
              false,
              false,
              false,
              Object {
                "alignItems": "center",
                "backgroundColor": "transparent",
                "justifyContent": "center",
              },
              undefined,
            ],
          ]
        }
        testID={undefined}
        tvParallaxProperties={undefined}
      >
        <Text
          accessible={true}
          allowFontScaling={false}
          disabled={false}
          ellipsizeMode="tail"
          style={
            Array [
              Object {
                "color": "white",
                "fontSize": 24,
              },
              Array [
                Object {
                  "backgroundColor": "transparent",
                },
                undefined,
              ],
              Object {
                "fontFamily": "Ionicons",
                "fontStyle": "normal",
                "fontWeight": "normal",
              },
            ]
          }
        >
          Ôèè
        </Text>
      </View>
    </View>
    <Text
      accessible={true}
      allowFontScaling={true}
      disabled={false}
      ellipsizeMode="tail"
      numberOfLines={1}
      style={
        Array [
          Object {},
          undefined,
          undefined,
          undefined,
          undefined,
          undefined,
          undefined,
          undefined,
          undefined,
          undefined,
          Object {
            "color": "#fff",
          },
        ]
      }
    >
      title
    </Text>
    <View
      style={
        Object {
          "height": 24,
          "width": 24,
        }
      }
    />
  </View>
</View>
`;
