// Jest Snapshot v1, https://goo.gl/fbAQLP

exports[`Row component renders correctly 1`] = `
<View
  activeOpacity={1}
  style={
    Array [
      Object {
        "flex": 1,
        "flexDirection": "row",
      },
      undefined,
    ]
  }
/>
`;
